// Jest Snapshot v1, https://goo.gl/fbAQLP

exports[`renders page title unchanged 1`] = `
<div>
  <h1
    class="text-3xl font-extrabold leading-9 tracking-tight text-gray-900 dark:text-gray-100 sm:text-4xl sm:leading-10 md:text-5xl md:leading-14"
  >
    Test
  </h1>
</div>
`;
