// Jest Snapshot v1, https://goo.gl/fbAQLP

exports[`renders Pre unchanged 1`] = `
<div>
  <div
    class="relative"
    data-testid="pre"
  >
    <pre />
  </div>
</div>
`;
