// Jest Snapshot v1, https://goo.gl/fbAQLP

exports[`renders SectionContainer unchanged 1`] = `
<div>
  <div
    class="mx-auto max-w-3xl px-4 sm:px-6 xl:max-w-5xl xl:px-0"
  >
    test
  </div>
</div>
`;
