// Jest Snapshot v1, https://goo.gl/fbAQLP

exports[`renders GAScript unchanged 1`] = `<div />`;
